Radek
dodane
dośąńdane
dożąńdane
